Archive member included to satisfy reference by file (symbol)

c:/program files (x86)/atmel/studio/7.0/toolchain/avr8/avr8-gnu-toolchain/bin/../lib/gcc/avr/5.4.0/avr5\libgcc.a(_exit.o)
                              C:/Program Files (x86)/Atmel/Studio/7.0/Packs/atmel/ATmega_DFP/1.7.374/gcc/dev/atmega32a/avr5/crtatmega32a.o (exit)
c:/program files (x86)/atmel/studio/7.0/toolchain/avr8/avr8-gnu-toolchain/bin/../lib/gcc/avr/5.4.0/avr5\libgcc.a(_clear_bss.o)
                              APP/app.o (__do_clear_bss)

Allocating common symbols
Common symbol       size              file

flag                0x1               APP/app.o
yellow_flag         0x1               APP/app.o

Discarded input sections

 .data          0x00000000        0x0 C:/Program Files (x86)/Atmel/Studio/7.0/Packs/atmel/ATmega_DFP/1.7.374/gcc/dev/atmega32a/avr5/crtatmega32a.o
 .bss           0x00000000        0x0 C:/Program Files (x86)/Atmel/Studio/7.0/Packs/atmel/ATmega_DFP/1.7.374/gcc/dev/atmega32a/avr5/crtatmega32a.o
 .text          0x00000000        0x0 APP/app.o
 .data          0x00000000        0x0 APP/app.o
 .bss           0x00000000        0x0 APP/app.o
 .text          0x00000000        0x0 HAL/LED Driver/led.o
 .data          0x00000000        0x0 HAL/LED Driver/led.o
 .bss           0x00000000        0x0 HAL/LED Driver/led.o
 .text.LED_on   0x00000000        0xe HAL/LED Driver/led.o
 .text.LED_off  0x00000000       0x14 HAL/LED Driver/led.o
 .text          0x00000000        0x0 HAL/NORMAL Mode/CONTROL/control.o
 .data          0x00000000        0x0 HAL/NORMAL Mode/CONTROL/control.o
 .bss           0x00000000        0x0 HAL/NORMAL Mode/CONTROL/control.o
 .text          0x00000000        0x0 MCAL/DIO Driver/dio.o
 .data          0x00000000        0x0 MCAL/DIO Driver/dio.o
 .bss           0x00000000        0x0 MCAL/DIO Driver/dio.o
 .text.DIO_read
                0x00000000       0xe2 MCAL/DIO Driver/dio.o
 .text          0x00000000        0x0 main.o
 .data          0x00000000        0x0 main.o
 .bss           0x00000000        0x0 main.o
 .text          0x00000000        0x0 HAL/NORMAL Mode/SWITCH Leds/switchleds.o
 .data          0x00000000        0x0 HAL/NORMAL Mode/SWITCH Leds/switchleds.o
 .bss           0x00000000        0x0 HAL/NORMAL Mode/SWITCH Leds/switchleds.o
 .text          0x00000000        0x0 HAL/PEDESTRAIN Driver/BUTTON ON ST1/firststate.o
 .data          0x00000000        0x0 HAL/PEDESTRAIN Driver/BUTTON ON ST1/firststate.o
 .bss           0x00000000        0x0 HAL/PEDESTRAIN Driver/BUTTON ON ST1/firststate.o
 .text          0x00000000        0x0 HAL/PEDESTRAIN Driver/BUTTON ON ST2/secondstate.o
 .data          0x00000000        0x0 HAL/PEDESTRAIN Driver/BUTTON ON ST2/secondstate.o
 .bss           0x00000000        0x0 HAL/PEDESTRAIN Driver/BUTTON ON ST2/secondstate.o
 .text          0x00000000        0x0 HAL/PEDESTRAIN Driver/Pedestrain Leds/pedestrainleds.o
 .data          0x00000000        0x0 HAL/PEDESTRAIN Driver/Pedestrain Leds/pedestrainleds.o
 .bss           0x00000000        0x0 HAL/PEDESTRAIN Driver/Pedestrain Leds/pedestrainleds.o
 .text          0x00000000        0x0 MCAL/TIMER AND INTTERRUPT/TimeAndInterrupt.o
 .data          0x00000000        0x0 MCAL/TIMER AND INTTERRUPT/TimeAndInterrupt.o
 .bss           0x00000000        0x0 MCAL/TIMER AND INTTERRUPT/TimeAndInterrupt.o
 .text          0x00000000        0x0 c:/program files (x86)/atmel/studio/7.0/toolchain/avr8/avr8-gnu-toolchain/bin/../lib/gcc/avr/5.4.0/avr5\libgcc.a(_exit.o)
 .data          0x00000000        0x0 c:/program files (x86)/atmel/studio/7.0/toolchain/avr8/avr8-gnu-toolchain/bin/../lib/gcc/avr/5.4.0/avr5\libgcc.a(_exit.o)
 .bss           0x00000000        0x0 c:/program files (x86)/atmel/studio/7.0/toolchain/avr8/avr8-gnu-toolchain/bin/../lib/gcc/avr/5.4.0/avr5\libgcc.a(_exit.o)
 .text.libgcc.mul
                0x00000000        0x0 c:/program files (x86)/atmel/studio/7.0/toolchain/avr8/avr8-gnu-toolchain/bin/../lib/gcc/avr/5.4.0/avr5\libgcc.a(_exit.o)
 .text.libgcc.div
                0x00000000        0x0 c:/program files (x86)/atmel/studio/7.0/toolchain/avr8/avr8-gnu-toolchain/bin/../lib/gcc/avr/5.4.0/avr5\libgcc.a(_exit.o)
 .text.libgcc   0x00000000        0x0 c:/program files (x86)/atmel/studio/7.0/toolchain/avr8/avr8-gnu-toolchain/bin/../lib/gcc/avr/5.4.0/avr5\libgcc.a(_exit.o)
 .text.libgcc.prologue
                0x00000000        0x0 c:/program files (x86)/atmel/studio/7.0/toolchain/avr8/avr8-gnu-toolchain/bin/../lib/gcc/avr/5.4.0/avr5\libgcc.a(_exit.o)
 .text.libgcc.builtins
                0x00000000        0x0 c:/program files (x86)/atmel/studio/7.0/toolchain/avr8/avr8-gnu-toolchain/bin/../lib/gcc/avr/5.4.0/avr5\libgcc.a(_exit.o)
 .text.libgcc.fmul
                0x00000000        0x0 c:/program files (x86)/atmel/studio/7.0/toolchain/avr8/avr8-gnu-toolchain/bin/../lib/gcc/avr/5.4.0/avr5\libgcc.a(_exit.o)
 .text.libgcc.fixed
                0x00000000        0x0 c:/program files (x86)/atmel/studio/7.0/toolchain/avr8/avr8-gnu-toolchain/bin/../lib/gcc/avr/5.4.0/avr5\libgcc.a(_exit.o)
 .text          0x00000000        0x0 c:/program files (x86)/atmel/studio/7.0/toolchain/avr8/avr8-gnu-toolchain/bin/../lib/gcc/avr/5.4.0/avr5\libgcc.a(_clear_bss.o)
 .data          0x00000000        0x0 c:/program files (x86)/atmel/studio/7.0/toolchain/avr8/avr8-gnu-toolchain/bin/../lib/gcc/avr/5.4.0/avr5\libgcc.a(_clear_bss.o)
 .bss           0x00000000        0x0 c:/program files (x86)/atmel/studio/7.0/toolchain/avr8/avr8-gnu-toolchain/bin/../lib/gcc/avr/5.4.0/avr5\libgcc.a(_clear_bss.o)
 .text.libgcc.mul
                0x00000000        0x0 c:/program files (x86)/atmel/studio/7.0/toolchain/avr8/avr8-gnu-toolchain/bin/../lib/gcc/avr/5.4.0/avr5\libgcc.a(_clear_bss.o)
 .text.libgcc.div
                0x00000000        0x0 c:/program files (x86)/atmel/studio/7.0/toolchain/avr8/avr8-gnu-toolchain/bin/../lib/gcc/avr/5.4.0/avr5\libgcc.a(_clear_bss.o)
 .text.libgcc   0x00000000        0x0 c:/program files (x86)/atmel/studio/7.0/toolchain/avr8/avr8-gnu-toolchain/bin/../lib/gcc/avr/5.4.0/avr5\libgcc.a(_clear_bss.o)
 .text.libgcc.prologue
                0x00000000        0x0 c:/program files (x86)/atmel/studio/7.0/toolchain/avr8/avr8-gnu-toolchain/bin/../lib/gcc/avr/5.4.0/avr5\libgcc.a(_clear_bss.o)
 .text.libgcc.builtins
                0x00000000        0x0 c:/program files (x86)/atmel/studio/7.0/toolchain/avr8/avr8-gnu-toolchain/bin/../lib/gcc/avr/5.4.0/avr5\libgcc.a(_clear_bss.o)
 .text.libgcc.fmul
                0x00000000        0x0 c:/program files (x86)/atmel/studio/7.0/toolchain/avr8/avr8-gnu-toolchain/bin/../lib/gcc/avr/5.4.0/avr5\libgcc.a(_clear_bss.o)
 .text.libgcc.fixed
                0x00000000        0x0 c:/program files (x86)/atmel/studio/7.0/toolchain/avr8/avr8-gnu-toolchain/bin/../lib/gcc/avr/5.4.0/avr5\libgcc.a(_clear_bss.o)

Memory Configuration

Name             Origin             Length             Attributes
text             0x00000000         0x00008000         xr
data             0x00800060         0x00000800         rw !x
eeprom           0x00810000         0x00000400         rw !x
fuse             0x00820000         0x00000002         rw !x
lock             0x00830000         0x00000400         rw !x
signature        0x00840000         0x00000400         rw !x
user_signatures  0x00850000         0x00000400         rw !x
*default*        0x00000000         0xffffffff

Linker script and memory map

LOAD C:/Program Files (x86)/Atmel/Studio/7.0/Packs/atmel/ATmega_DFP/1.7.374/gcc/dev/atmega32a/avr5/crtatmega32a.o
LOAD APP/app.o
LOAD HAL/LED Driver/led.o
LOAD HAL/NORMAL Mode/CONTROL/control.o
LOAD MCAL/DIO Driver/dio.o
LOAD main.o
LOAD HAL/NORMAL Mode/SWITCH Leds/switchleds.o
LOAD HAL/PEDESTRAIN Driver/BUTTON ON ST1/firststate.o
LOAD HAL/PEDESTRAIN Driver/BUTTON ON ST2/secondstate.o
LOAD HAL/PEDESTRAIN Driver/Pedestrain Leds/pedestrainleds.o
LOAD MCAL/TIMER AND INTTERRUPT/TimeAndInterrupt.o
START GROUP
LOAD c:/program files (x86)/atmel/studio/7.0/toolchain/avr8/avr8-gnu-toolchain/bin/../lib/gcc/avr/5.4.0/../../../../avr/lib/avr5\libm.a
END GROUP
START GROUP
LOAD c:/program files (x86)/atmel/studio/7.0/toolchain/avr8/avr8-gnu-toolchain/bin/../lib/gcc/avr/5.4.0/avr5\libgcc.a
LOAD c:/program files (x86)/atmel/studio/7.0/toolchain/avr8/avr8-gnu-toolchain/bin/../lib/gcc/avr/5.4.0/../../../../avr/lib/avr5\libm.a
LOAD c:/program files (x86)/atmel/studio/7.0/toolchain/avr8/avr8-gnu-toolchain/bin/../lib/gcc/avr/5.4.0/../../../../avr/lib/avr5\libc.a
LOAD C:/Program Files (x86)/Atmel/Studio/7.0/Packs/atmel/ATmega_DFP/1.7.374/gcc/dev/atmega32a/avr5\libatmega32a.a
END GROUP
                [0x00000000]                __TEXT_REGION_ORIGIN__ = DEFINED (__TEXT_REGION_ORIGIN__)?__TEXT_REGION_ORIGIN__:0x0
                [0x00800060]                __DATA_REGION_ORIGIN__ = DEFINED (__DATA_REGION_ORIGIN__)?__DATA_REGION_ORIGIN__:0x800060
                [0x00008000]                __TEXT_REGION_LENGTH__ = DEFINED (__TEXT_REGION_LENGTH__)?__TEXT_REGION_LENGTH__:0x20000
                [0x00000800]                __DATA_REGION_LENGTH__ = DEFINED (__DATA_REGION_LENGTH__)?__DATA_REGION_LENGTH__:0xffa0
                [0x00000400]                __EEPROM_REGION_LENGTH__ = DEFINED (__EEPROM_REGION_LENGTH__)?__EEPROM_REGION_LENGTH__:0x10000
                [0x00000002]                __FUSE_REGION_LENGTH__ = DEFINED (__FUSE_REGION_LENGTH__)?__FUSE_REGION_LENGTH__:0x400
                0x00000400                __LOCK_REGION_LENGTH__ = DEFINED (__LOCK_REGION_LENGTH__)?__LOCK_REGION_LENGTH__:0x400
                0x00000400                __SIGNATURE_REGION_LENGTH__ = DEFINED (__SIGNATURE_REGION_LENGTH__)?__SIGNATURE_REGION_LENGTH__:0x400
                0x00000400                __USER_SIGNATURE_REGION_LENGTH__ = DEFINED (__USER_SIGNATURE_REGION_LENGTH__)?__USER_SIGNATURE_REGION_LENGTH__:0x400

.hash
 *(.hash)

.dynsym
 *(.dynsym)

.dynstr
 *(.dynstr)

.gnu.version
 *(.gnu.version)

.gnu.version_d
 *(.gnu.version_d)

.gnu.version_r
 *(.gnu.version_r)

.rel.init
 *(.rel.init)

.rela.init
 *(.rela.init)

.rel.text
 *(.rel.text)
 *(.rel.text.*)
 *(.rel.gnu.linkonce.t*)

.rela.text
 *(.rela.text)
 *(.rela.text.*)
 *(.rela.gnu.linkonce.t*)

.rel.fini
 *(.rel.fini)

.rela.fini
 *(.rela.fini)

.rel.rodata
 *(.rel.rodata)
 *(.rel.rodata.*)
 *(.rel.gnu.linkonce.r*)

.rela.rodata
 *(.rela.rodata)
 *(.rela.rodata.*)
 *(.rela.gnu.linkonce.r*)

.rel.data
 *(.rel.data)
 *(.rel.data.*)
 *(.rel.gnu.linkonce.d*)

.rela.data
 *(.rela.data)
 *(.rela.data.*)
 *(.rela.gnu.linkonce.d*)

.rel.ctors
 *(.rel.ctors)

.rela.ctors
 *(.rela.ctors)

.rel.dtors
 *(.rel.dtors)

.rela.dtors
 *(.rela.dtors)

.rel.got
 *(.rel.got)

.rela.got
 *(.rela.got)

.rel.bss
 *(.rel.bss)

.rela.bss
 *(.rela.bss)

.rel.plt
 *(.rel.plt)

.rela.plt
 *(.rela.plt)

.text           0x00000000      0x9ec
 *(.vectors)
 .vectors       0x00000000       0x54 C:/Program Files (x86)/Atmel/Studio/7.0/Packs/atmel/ATmega_DFP/1.7.374/gcc/dev/atmega32a/avr5/crtatmega32a.o
                0x00000000                __vector_default
                0x00000000                __vectors
 *(.vectors)
 *(.progmem.gcc*)
                0x00000054                . = ALIGN (0x2)
                0x00000054                __trampolines_start = .
 *(.trampolines)
 .trampolines   0x00000054        0x0 linker stubs
 *(.trampolines*)
                0x00000054                __trampolines_end = .
 *libprintf_flt.a:*(.progmem.data)
 *libc.a:*(.progmem.data)
 *(.progmem*)
                0x00000054                . = ALIGN (0x2)
 *(.jumptables)
 *(.jumptables*)
 *(.lowtext)
 *(.lowtext*)
                0x00000054                __ctors_start = .
 *(.ctors)
                0x00000054                __ctors_end = .
                0x00000054                __dtors_start = .
 *(.dtors)
                0x00000054                __dtors_end = .
 SORT(*)(.ctors)
 SORT(*)(.dtors)
 *(.init0)
 .init0         0x00000054        0x0 C:/Program Files (x86)/Atmel/Studio/7.0/Packs/atmel/ATmega_DFP/1.7.374/gcc/dev/atmega32a/avr5/crtatmega32a.o
                0x00000054                __init
 *(.init0)
 *(.init1)
 *(.init1)
 *(.init2)
 .init2         0x00000054        0xc C:/Program Files (x86)/Atmel/Studio/7.0/Packs/atmel/ATmega_DFP/1.7.374/gcc/dev/atmega32a/avr5/crtatmega32a.o
 *(.init2)
 *(.init3)
 *(.init3)
 *(.init4)
 .init4         0x00000060       0x10 c:/program files (x86)/atmel/studio/7.0/toolchain/avr8/avr8-gnu-toolchain/bin/../lib/gcc/avr/5.4.0/avr5\libgcc.a(_clear_bss.o)
                0x00000060                __do_clear_bss
 *(.init4)
 *(.init5)
 *(.init5)
 *(.init6)
 *(.init6)
 *(.init7)
 *(.init7)
 *(.init8)
 *(.init8)
 *(.init9)
 .init9         0x00000070        0x8 C:/Program Files (x86)/Atmel/Studio/7.0/Packs/atmel/ATmega_DFP/1.7.374/gcc/dev/atmega32a/avr5/crtatmega32a.o
 *(.init9)
 *(.text)
 .text          0x00000078        0x4 C:/Program Files (x86)/Atmel/Studio/7.0/Packs/atmel/ATmega_DFP/1.7.374/gcc/dev/atmega32a/avr5/crtatmega32a.o
                0x00000078                __vector_12
                0x00000078                __bad_interrupt
                0x00000078                __vector_6
                0x00000078                __vector_3
                0x00000078                __vector_11
                0x00000078                __vector_13
                0x00000078                __vector_17
                0x00000078                __vector_19
                0x00000078                __vector_7
                0x00000078                __vector_5
                0x00000078                __vector_4
                0x00000078                __vector_9
                0x00000078                __vector_2
                0x00000078                __vector_15
                0x00000078                __vector_8
                0x00000078                __vector_14
                0x00000078                __vector_10
                0x00000078                __vector_16
                0x00000078                __vector_18
                0x00000078                __vector_20
                0x0000007c                . = ALIGN (0x2)
 *(.text.*)
 .text.APP_start
                0x0000007c       0x4a APP/app.o
                0x0000007c                APP_start
 .text.__vector_1
                0x000000c6       0x38 APP/app.o
                0x000000c6                __vector_1
 .text.LED_init
                0x000000fe       0x14 HAL/LED Driver/led.o
                0x000000fe                LED_init
 .text.LED_toggle
                0x00000112       0x12 HAL/LED Driver/led.o
                0x00000112                LED_toggle
 .text.NORMAL_mode_control
                0x00000124       0x64 HAL/NORMAL Mode/CONTROL/control.o
                0x00000124                NORMAL_mode_control
 .text.DIO_init
                0x00000188      0x140 MCAL/DIO Driver/dio.o
                0x00000188                DIO_init
 .text.DIO_write
                0x000002c8      0x140 MCAL/DIO Driver/dio.o
                0x000002c8                DIO_write
 .text.DIO_toggle
                0x00000408       0x90 MCAL/DIO Driver/dio.o
                0x00000408                DIO_toggle
 .text.main     0x00000498        0xa main.o
                0x00000498                main
 .text.Red_led  0x000004a2       0x5c HAL/NORMAL Mode/SWITCH Leds/switchleds.o
                0x000004a2                Red_led
 .text.Green_led
                0x000004fe       0x7e HAL/NORMAL Mode/SWITCH Leds/switchleds.o
                0x000004fe                Green_led
 .text.Yellow_led
                0x0000057c       0x9a HAL/NORMAL Mode/SWITCH Leds/switchleds.o
                0x0000057c                Yellow_led
 .text.control_pedestrain_mode_1
                0x00000616       0x6e HAL/PEDESTRAIN Driver/BUTTON ON ST1/firststate.o
                0x00000616                control_pedestrain_mode_1
 .text.YELLOW_2leds
                0x00000684       0xc0 HAL/PEDESTRAIN Driver/BUTTON ON ST2/secondstate.o
                0x00000684                YELLOW_2leds
 .text.carsred_on_greenpdeST_on
                0x00000744       0x8c HAL/PEDESTRAIN Driver/BUTTON ON ST2/secondstate.o
                0x00000744                carsred_on_greenpdeST_on
 .text.control_pedestrain_mode_2
                0x000007d0       0x2e HAL/PEDESTRAIN Driver/BUTTON ON ST2/secondstate.o
                0x000007d0                control_pedestrain_mode_2
 .text.Red_cars_green_pedeST
                0x000007fe       0x82 HAL/PEDESTRAIN Driver/Pedestrain Leds/pedestrainleds.o
                0x000007fe                Red_cars_green_pedeST
 .text.Yellow_2leds_greenPedeST
                0x00000880       0xc4 HAL/PEDESTRAIN Driver/Pedestrain Leds/pedestrainleds.o
                0x00000880                Yellow_2leds_greenPedeST
 .text.redPedeST_on_greenCar_on
                0x00000944       0x8c HAL/PEDESTRAIN Driver/Pedestrain Leds/pedestrainleds.o
                0x00000944                redPedeST_on_greenCar_on
 .text.timerAndRegisterControl
                0x000009d0       0x18 MCAL/TIMER AND INTTERRUPT/TimeAndInterrupt.o
                0x000009d0                timerAndRegisterControl
                0x000009e8                . = ALIGN (0x2)
 *(.fini9)
 .fini9         0x000009e8        0x0 c:/program files (x86)/atmel/studio/7.0/toolchain/avr8/avr8-gnu-toolchain/bin/../lib/gcc/avr/5.4.0/avr5\libgcc.a(_exit.o)
                0x000009e8                _exit
                0x000009e8                exit
 *(.fini9)
 *(.fini8)
 *(.fini8)
 *(.fini7)
 *(.fini7)
 *(.fini6)
 *(.fini6)
 *(.fini5)
 *(.fini5)
 *(.fini4)
 *(.fini4)
 *(.fini3)
 *(.fini3)
 *(.fini2)
 *(.fini2)
 *(.fini1)
 *(.fini1)
 *(.fini0)
 .fini0         0x000009e8        0x4 c:/program files (x86)/atmel/studio/7.0/toolchain/avr8/avr8-gnu-toolchain/bin/../lib/gcc/avr/5.4.0/avr5\libgcc.a(_exit.o)
 *(.fini0)
                0x000009ec                _etext = .

.data           0x00800060        0x0 load address 0x000009ec
                [!provide]                PROVIDE (__data_start, .)
 *(.data)
 *(.data*)
 *(.gnu.linkonce.d*)
 *(.rodata)
 *(.rodata*)
 *(.gnu.linkonce.r*)
                0x00800060                . = ALIGN (0x2)
                0x00800060                _edata = .
                [!provide]                PROVIDE (__data_end, .)

.bss            0x00800060        0x8
                0x00800060                PROVIDE (__bss_start, .)
 *(.bss)
 *(.bss*)
 .bss.numberOfoverflow
                0x00800060        0x2 HAL/NORMAL Mode/SWITCH Leds/switchleds.o
                0x00800060                numberOfoverflow
 .bss.numberofoverflows
                0x00800062        0x2 HAL/PEDESTRAIN Driver/BUTTON ON ST2/secondstate.o
                0x00800062                numberofoverflows
 .bss.numberOfoverflows
                0x00800064        0x2 HAL/PEDESTRAIN Driver/Pedestrain Leds/pedestrainleds.o
                0x00800064                numberOfoverflows
 *(COMMON)
 COMMON         0x00800066        0x2 APP/app.o
                0x00800066                flag
                0x00800067                yellow_flag
                0x00800068                PROVIDE (__bss_end, .)
                0x000009ec                __data_load_start = LOADADDR (.data)
                0x000009ec                __data_load_end = (__data_load_start + SIZEOF (.data))

.noinit         0x00800068        0x0
                [!provide]                PROVIDE (__noinit_start, .)
 *(.noinit*)
                [!provide]                PROVIDE (__noinit_end, .)
                0x00800068                _end = .
                [!provide]                PROVIDE (__heap_start, .)

.eeprom         0x00810000        0x0
 *(.eeprom*)
                0x00810000                __eeprom_end = .

.fuse
 *(.fuse)
 *(.lfuse)
 *(.hfuse)
 *(.efuse)

.lock
 *(.lock*)

.signature
 *(.signature*)

.user_signatures
 *(.user_signatures*)

.stab
 *(.stab)

.stabstr
 *(.stabstr)

.stab.excl
 *(.stab.excl)

.stab.exclstr
 *(.stab.exclstr)

.stab.index
 *(.stab.index)

.stab.indexstr
 *(.stab.indexstr)

.comment        0x00000000       0x30
 *(.comment)
 .comment       0x00000000       0x30 APP/app.o
                                 0x31 (size before relaxing)
 .comment       0x00000030       0x31 HAL/LED Driver/led.o
 .comment       0x00000030       0x31 HAL/NORMAL Mode/CONTROL/control.o
 .comment       0x00000030       0x31 MCAL/DIO Driver/dio.o
 .comment       0x00000030       0x31 main.o
 .comment       0x00000030       0x31 HAL/NORMAL Mode/SWITCH Leds/switchleds.o
 .comment       0x00000030       0x31 HAL/PEDESTRAIN Driver/BUTTON ON ST1/firststate.o
 .comment       0x00000030       0x31 HAL/PEDESTRAIN Driver/BUTTON ON ST2/secondstate.o
 .comment       0x00000030       0x31 HAL/PEDESTRAIN Driver/Pedestrain Leds/pedestrainleds.o
 .comment       0x00000030       0x31 MCAL/TIMER AND INTTERRUPT/TimeAndInterrupt.o

.note.gnu.avr.deviceinfo
                0x00000000       0x3c
 .note.gnu.avr.deviceinfo
                0x00000000       0x3c C:/Program Files (x86)/Atmel/Studio/7.0/Packs/atmel/ATmega_DFP/1.7.374/gcc/dev/atmega32a/avr5/crtatmega32a.o

.note.gnu.build-id
 *(.note.gnu.build-id)

.debug
 *(.debug)

.line
 *(.line)

.debug_srcinfo
 *(.debug_srcinfo)

.debug_sfnames
 *(.debug_sfnames)

.debug_aranges  0x00000000      0x1a8
 *(.debug_aranges)
 .debug_aranges
                0x00000000       0x28 APP/app.o
 .debug_aranges
                0x00000028       0x38 HAL/LED Driver/led.o
 .debug_aranges
                0x00000060       0x20 HAL/NORMAL Mode/CONTROL/control.o
 .debug_aranges
                0x00000080       0x38 MCAL/DIO Driver/dio.o
 .debug_aranges
                0x000000b8       0x20 main.o
 .debug_aranges
                0x000000d8       0x30 HAL/NORMAL Mode/SWITCH Leds/switchleds.o
 .debug_aranges
                0x00000108       0x20 HAL/PEDESTRAIN Driver/BUTTON ON ST1/firststate.o
 .debug_aranges
                0x00000128       0x30 HAL/PEDESTRAIN Driver/BUTTON ON ST2/secondstate.o
 .debug_aranges
                0x00000158       0x30 HAL/PEDESTRAIN Driver/Pedestrain Leds/pedestrainleds.o
 .debug_aranges
                0x00000188       0x20 MCAL/TIMER AND INTTERRUPT/TimeAndInterrupt.o

.debug_pubnames
 *(.debug_pubnames)

.debug_info     0x00000000     0x1e2b
 *(.debug_info .gnu.linkonce.wi.*)
 .debug_info    0x00000000      0x4e6 C:/Program Files (x86)/Atmel/Studio/7.0/Packs/atmel/ATmega_DFP/1.7.374/gcc/dev/atmega32a/avr5/crtatmega32a.o
 .debug_info    0x000004e6      0x220 APP/app.o
 .debug_info    0x00000706      0x2be HAL/LED Driver/led.o
 .debug_info    0x000009c4      0x225 HAL/NORMAL Mode/CONTROL/control.o
 .debug_info    0x00000be9      0x25e MCAL/DIO Driver/dio.o
 .debug_info    0x00000e47      0x131 main.o
 .debug_info    0x00000f78      0x314 HAL/NORMAL Mode/SWITCH Leds/switchleds.o
 .debug_info    0x0000128c      0x1ff HAL/PEDESTRAIN Driver/BUTTON ON ST1/firststate.o
 .debug_info    0x0000148b      0x455 HAL/PEDESTRAIN Driver/BUTTON ON ST2/secondstate.o
 .debug_info    0x000018e0      0x46b HAL/PEDESTRAIN Driver/Pedestrain Leds/pedestrainleds.o
 .debug_info    0x00001d4b       0xe0 MCAL/TIMER AND INTTERRUPT/TimeAndInterrupt.o

.debug_abbrev   0x00000000      0xd0d
 *(.debug_abbrev)
 .debug_abbrev  0x00000000      0x4a3 C:/Program Files (x86)/Atmel/Studio/7.0/Packs/atmel/ATmega_DFP/1.7.374/gcc/dev/atmega32a/avr5/crtatmega32a.o
 .debug_abbrev  0x000004a3       0xe7 APP/app.o
 .debug_abbrev  0x0000058a       0xd0 HAL/LED Driver/led.o
 .debug_abbrev  0x0000065a       0xfa HAL/NORMAL Mode/CONTROL/control.o
 .debug_abbrev  0x00000754       0xbf MCAL/DIO Driver/dio.o
 .debug_abbrev  0x00000813       0xb5 main.o
 .debug_abbrev  0x000008c8      0x108 HAL/NORMAL Mode/SWITCH Leds/switchleds.o
 .debug_abbrev  0x000009d0       0xcc HAL/PEDESTRAIN Driver/BUTTON ON ST1/firststate.o
 .debug_abbrev  0x00000a9c      0x11a HAL/PEDESTRAIN Driver/BUTTON ON ST2/secondstate.o
 .debug_abbrev  0x00000bb6       0xdd HAL/PEDESTRAIN Driver/Pedestrain Leds/pedestrainleds.o
 .debug_abbrev  0x00000c93       0x7a MCAL/TIMER AND INTTERRUPT/TimeAndInterrupt.o

.debug_line     0x00000000     0x1419
 *(.debug_line .debug_line.* .debug_line_end)
 .debug_line    0x00000000      0x116 C:/Program Files (x86)/Atmel/Studio/7.0/Packs/atmel/ATmega_DFP/1.7.374/gcc/dev/atmega32a/avr5/crtatmega32a.o
 .debug_line    0x00000116      0x23a APP/app.o
 .debug_line    0x00000350      0x12e HAL/LED Driver/led.o
 .debug_line    0x0000047e      0x1c0 HAL/NORMAL Mode/CONTROL/control.o
 .debug_line    0x0000063e      0x2f3 MCAL/DIO Driver/dio.o
 .debug_line    0x00000931       0xb1 main.o
 .debug_line    0x000009e2      0x282 HAL/NORMAL Mode/SWITCH Leds/switchleds.o
 .debug_line    0x00000c64      0x168 HAL/PEDESTRAIN Driver/BUTTON ON ST1/firststate.o
 .debug_line    0x00000dcc      0x2b8 HAL/PEDESTRAIN Driver/BUTTON ON ST2/secondstate.o
 .debug_line    0x00001084      0x2f1 HAL/PEDESTRAIN Driver/Pedestrain Leds/pedestrainleds.o
 .debug_line    0x00001375       0xa4 MCAL/TIMER AND INTTERRUPT/TimeAndInterrupt.o

.debug_frame    0x00000000      0x2d4
 *(.debug_frame)
 .debug_frame   0x00000000       0x44 APP/app.o
 .debug_frame   0x00000044       0x54 HAL/LED Driver/led.o
 .debug_frame   0x00000098       0x24 HAL/NORMAL Mode/CONTROL/control.o
 .debug_frame   0x000000bc       0x54 MCAL/DIO Driver/dio.o
 .debug_frame   0x00000110       0x24 main.o
 .debug_frame   0x00000134       0x5c HAL/NORMAL Mode/SWITCH Leds/switchleds.o
 .debug_frame   0x00000190       0x2c HAL/PEDESTRAIN Driver/BUTTON ON ST1/firststate.o
 .debug_frame   0x000001bc       0x6c HAL/PEDESTRAIN Driver/BUTTON ON ST2/secondstate.o
 .debug_frame   0x00000228       0x88 HAL/PEDESTRAIN Driver/Pedestrain Leds/pedestrainleds.o
 .debug_frame   0x000002b0       0x24 MCAL/TIMER AND INTTERRUPT/TimeAndInterrupt.o

.debug_str      0x00000000      0x694
 *(.debug_str)
 .debug_str     0x00000000      0x196 C:/Program Files (x86)/Atmel/Studio/7.0/Packs/atmel/ATmega_DFP/1.7.374/gcc/dev/atmega32a/avr5/crtatmega32a.o
 .debug_str     0x00000196      0x1ee APP/app.o
                                0x227 (size before relaxing)
 .debug_str     0x00000384       0x56 HAL/LED Driver/led.o
                                0x247 (size before relaxing)
 .debug_str     0x000003da       0x8e HAL/NORMAL Mode/CONTROL/control.o
                                0x279 (size before relaxing)
 .debug_str     0x00000468       0x47 MCAL/DIO Driver/dio.o
                                0x244 (size before relaxing)
 .debug_str     0x000004af       0x11 main.o
                                0x1f2 (size before relaxing)
 .debug_str     0x000004c0       0x4b HAL/NORMAL Mode/SWITCH Leds/switchleds.o
                                0x25c (size before relaxing)
 .debug_str     0x0000050b       0x7c HAL/PEDESTRAIN Driver/BUTTON ON ST1/firststate.o
                                0x26d (size before relaxing)
 .debug_str     0x00000587       0x83 HAL/PEDESTRAIN Driver/BUTTON ON ST2/secondstate.o
                                0x2b4 (size before relaxing)
 .debug_str     0x0000060a       0x5a HAL/PEDESTRAIN Driver/Pedestrain Leds/pedestrainleds.o
                                0x2b5 (size before relaxing)
 .debug_str     0x00000664       0x30 MCAL/TIMER AND INTTERRUPT/TimeAndInterrupt.o
                                0x200 (size before relaxing)

.debug_loc      0x00000000     0x1426
 *(.debug_loc)
 .debug_loc     0x00000000       0x50 APP/app.o
 .debug_loc     0x00000050      0x1dc HAL/LED Driver/led.o
 .debug_loc     0x0000022c       0x56 HAL/NORMAL Mode/CONTROL/control.o
 .debug_loc     0x00000282      0x98e MCAL/DIO Driver/dio.o
 .debug_loc     0x00000c10       0x14 main.o
 .debug_loc     0x00000c24      0x1cf HAL/NORMAL Mode/SWITCH Leds/switchleds.o
 .debug_loc     0x00000df3       0x63 HAL/PEDESTRAIN Driver/BUTTON ON ST1/firststate.o
 .debug_loc     0x00000e56      0x24f HAL/PEDESTRAIN Driver/BUTTON ON ST2/secondstate.o
 .debug_loc     0x000010a5      0x381 HAL/PEDESTRAIN Driver/Pedestrain Leds/pedestrainleds.o

.debug_macinfo
 *(.debug_macinfo)

.debug_weaknames
 *(.debug_weaknames)

.debug_funcnames
 *(.debug_funcnames)

.debug_typenames
 *(.debug_typenames)

.debug_varnames
 *(.debug_varnames)

.debug_pubtypes
 *(.debug_pubtypes)

.debug_ranges   0x00000000      0x108
 *(.debug_ranges)
 .debug_ranges  0x00000000       0x18 APP/app.o
 .debug_ranges  0x00000018       0x28 HAL/LED Driver/led.o
 .debug_ranges  0x00000040       0x10 HAL/NORMAL Mode/CONTROL/control.o
 .debug_ranges  0x00000050       0x28 MCAL/DIO Driver/dio.o
 .debug_ranges  0x00000078       0x10 main.o
 .debug_ranges  0x00000088       0x20 HAL/NORMAL Mode/SWITCH Leds/switchleds.o
 .debug_ranges  0x000000a8       0x10 HAL/PEDESTRAIN Driver/BUTTON ON ST1/firststate.o
 .debug_ranges  0x000000b8       0x20 HAL/PEDESTRAIN Driver/BUTTON ON ST2/secondstate.o
 .debug_ranges  0x000000d8       0x20 HAL/PEDESTRAIN Driver/Pedestrain Leds/pedestrainleds.o
 .debug_ranges  0x000000f8       0x10 MCAL/TIMER AND INTTERRUPT/TimeAndInterrupt.o

.debug_macro
 *(.debug_macro)
OUTPUT(OnDemandTraffic.elf elf32-avr)
LOAD linker stubs
